[localhost_1429/index.html]
[backblue.gif]
[fade.gif]
[index.html]
[localhost_1429/assets/images/favicon.ico]
[localhost_1429/assets/css/font-awesome.css]
[localhost_1429/assets/css/bootstrap.css]
[localhost_1429/assets/css/slick.css]
[localhost_1429/assets/css/jquery.fancybox.css]
[localhost_1429/assets/css/animate.css]
[localhost_1429/assets/css/theme-color/default-theme.css]
[localhost_1429/style.css]
[connect.facebook.net/en_US/sdk.js]
[localhost_1429/assets/images/header-bg.jpg]
[localhost_1429/assets/images/mc.png]
[localhost_1429/assets/images/nexus-6-single - copia.png]
[platform.slack-edge.com/img/add_to_slack.png]
[localhost_1429/assets/images/add_to_skype.png]
[localhost_1429/assets/images/add_to_telegram.png]
[localhost_1429/assets/images/add_to_kik.png]
[ajax.googleapis.com/ajax/libs/jquery/1.11.3/jquery.min.js]
[localhost_1429/assets/js/bootstrap.js]
[localhost_1429/assets/js/slick.js]
[localhost_1429/assets/js/jquery.fancybox.pack.js]
[localhost_1429/assets/js/wow.js]
[localhost_1429/assets/js/classie.js]
[localhost_1429/assets/js/custom.js]
[localhost_1429/index.html]
[www.google-analytics.com/analytics.js]
[localhost_1429/assets/fonts/fontawesome-webfont93e3.eot]
[localhost_1429/assets/fonts/fontawesome-webfontd41d.eot]
[localhost_1429/assets/fonts/fontawesome-webfont93e3.woff2]
[localhost_1429/assets/fonts/fontawesome-webfont93e3.woff]
[localhost_1429/assets/fonts/fontawesome-webfont93e3.ttf]
[localhost_1429/assets/css/font-awesome.css]
[localhost_1429/assets/fonts/glyphicons-halflings-regular.eot]
[localhost_1429/assets/fonts/glyphicons-halflings-regular.woff2]
[localhost_1429/assets/fonts/glyphicons-halflings-regulard41d.eot]
[localhost_1429/assets/fonts/glyphicons-halflings-regular.woff]
[localhost_1429/assets/fonts/glyphicons-halflings-regular.ttf]
[localhost_1429/assets/css/bootstrap.css]
[localhost_1429/assets/css/slick.css]
[localhost_1429/assets/images/fancybox_sprite.png]
[localhost_1429/assets/images/fancybox_loading.gif]
[localhost_1429/assets/images/fancybox_overlay.png]
[localhost_1429/assets/images/fancybox_sprite@2x.png]
[localhost_1429/assets/css/jquery.fancybox.css]
[localhost_1429/assets/images/fancybox_loading@2x.gif]
[localhost_1429/assets/css/animate.css]
[localhost_1429/assets/css/theme-color/default-theme.css]
[localhost_1429/assets/images/loader.gif]
[localhost_1429/assets/images/howit-works-bg.jpg]
[localhost_1429/assets/images/macbook-pro.png]
[localhost_1429/assets/images/download-bg.jpg]
[localhost_1429/assets/images/subscribe-bg.jpg]
[localhost_1429/assets/images/contact-bg.png]
[localhost_1429/style.css]
[connect.facebook.net/en_US/sdk.js]
[localhost_1429/index-2.html]
[localhost_1429/assets/fonts/fontawesome-webfont93e3.svg]
[localhost_1429/assets/fonts/glyphicons-halflings-regular.svg]
[localhost_1429/assets/css/ajax-loader.html]
[localhost_1429/assets/css/fonts/slick.html]
[localhost_1429/assets/css/fonts/slickd41d.html]
[localhost_1429/assets/css/fonts/slick-2.html]
[localhost_1429/assets/css/fonts/slick-3.html]
[localhost_1429/assets/css/fonts/slick-4.html]
[localhost_1429/assets/images/blank.html]
